
> @fhunda/frontend@0.1.0 build \\wsl.localhost\Ubuntu\home\onoja\fhunda\app
> next build

node.exe : '\\wsl.localhost\Ubuntu\home\onoja\fhunda\app'
At C:\Users\hp\AppData\Roaming\npm\pnpm.ps1:24 char:5
+     & "node$exe"  "$basedir/node_modules/pnpm/bin/pnpm.cjs" $args
+     ~~~~~~~~~~~~~~~~~~~~~~~~~~~~~~~~~~~~~~~~~~~~~~~~~~~~~~~~~~~~~
    + CategoryInfo          : NotSpecified: ('\\wsl.localhos...oja\fhunda\app': 
   String) [], RemoteException
    + FullyQualifiedErrorId : NativeCommandError
 
CMD.EXE was started with the above path as the current directory.
UNC paths are not supported.  Defaulting to Windows directory.
'next' is not recognized as an internal or external command,
operable program or batch file.
ΓÇëELIFECYCLEΓÇë Command failed with exit code 1.
